Trying to get second tweets to post. page refreshes but no post
and no new input in table

auth_demo=# SELECT * FROM tweets;
 id |    text     | user_id 
----+-------------+---------
  1 | first tweet |       3
(1 row)


login 

post

post again after refresh 

logout 



127.0.0.1 - - [25/Apr/2023 22:52:26] "GET /login HTTP/1.1" 200 -
127.0.0.1 - - [25/Apr/2023 22:52:26] "GET /_debug_toolbar/static/js/jquery.tablesorter.js HTTP/1.1" 304 -
127.0.0.1 - - [25/Apr/2023 22:52:26] "GET /_debug_toolbar/static/js/jquery.js HTTP/1.1" 304 -
127.0.0.1 - - [25/Apr/2023 22:52:26] "GET /_debug_toolbar/static/js/toolbar.js HTTP/1.1" 304 -
127.0.0.1 - - [25/Apr/2023 22:52:26] "GET /_debug_toolbar/static/css/toolbar.css?0.2787403954496268 HTTP/1.1" 200 -
127.0.0.1 - - [25/Apr/2023 22:52:26] "GET /_debug_toolbar/static/img/djdt_vertical.png HTTP/1.1" 304 -
2023-04-25 22:52:31,682 INFO sqlalchemy.engine.Engine BEGIN (implicit)
2023-04-25 22:52:31,684 INFO sqlalchemy.engine.Engine SELECT users.id AS users_id, users.username AS users_username, users.password AS users_password 
FROM users 
WHERE users.username = %(username_1)s 
 LIMIT %(param_1)s
2023-04-25 22:52:31,684 INFO sqlalchemy.engine.Engine [cached since 295.5s ago] {'username_1': 'kid', 'param_1': 1}
2023-04-25 22:52:31,989 INFO sqlalchemy.engine.Engine ROLLBACK
127.0.0.1 - - [25/Apr/2023 22:52:31] "POST /login HTTP/1.1" 302 -
2023-04-25 22:52:31,994 INFO sqlalchemy.engine.Engine BEGIN (implicit)
2023-04-25 22:52:31,994 INFO sqlalchemy.engine.Engine SELECT tweets.id AS tweets_id, tweets.text AS tweets_text, tweets.user_id AS tweets_user_id 
FROM tweets
2023-04-25 22:52:31,994 INFO sqlalchemy.engine.Engine [cached since 295.5s ago] {}
2023-04-25 22:52:31,995 INFO sqlalchemy.engine.Engine SELECT users.id AS users_id, users.username AS users_username, users.password AS users_password 
FROM users 
WHERE users.id = %(pk_1)s
2023-04-25 22:52:31,995 INFO sqlalchemy.engine.Engine [cached since 295.5s ago] {'pk_1': 3}
2023-04-25 22:52:32,001 INFO sqlalchemy.engine.Engine ROLLBACK
127.0.0.1 - - [25/Apr/2023 22:52:32] "GET /tweets HTTP/1.1" 200 -
127.0.0.1 - - [25/Apr/2023 22:52:32] "GET /_debug_toolbar/static/js/jquery.js HTTP/1.1" 304 -
127.0.0.1 - - [25/Apr/2023 22:52:32] "GET /_debug_toolbar/static/js/jquery.tablesorter.js HTTP/1.1" 304 -
127.0.0.1 - - [25/Apr/2023 22:52:32] "GET /_debug_toolbar/static/js/toolbar.js HTTP/1.1" 304 -
127.0.0.1 - - [25/Apr/2023 22:52:32] "GET /_debug_toolbar/static/css/toolbar.css?0.30642297287482356 HTTP/1.1" 200 -
127.0.0.1 - - [25/Apr/2023 22:52:32] "GET /_debug_toolbar/static/img/djdt_vertical.png HTTP/1.1" 304 -
2023-04-25 22:52:34,612 INFO sqlalchemy.engine.Engine BEGIN (implicit)
2023-04-25 22:52:34,613 INFO sqlalchemy.engine.Engine SELECT tweets.id AS tweets_id, tweets.text AS tweets_text, tweets.user_id AS tweets_user_id 
FROM tweets
2023-04-25 22:52:34,613 INFO sqlalchemy.engine.Engine [cached since 298.2s ago] {}
2023-04-25 22:52:34,616 INFO sqlalchemy.engine.Engine SELECT users.id AS users_id, users.username AS users_username, users.password AS users_password 
FROM users 
WHERE users.id = %(pk_1)s
2023-04-25 22:52:34,616 INFO sqlalchemy.engine.Engine [cached since 298.2s ago] {'pk_1': 3}
2023-04-25 22:52:34,636 INFO sqlalchemy.engine.Engine ROLLBACK
127.0.0.1 - - [25/Apr/2023 22:52:34] "POST /tweets HTTP/1.1" 200 -
127.0.0.1 - - [25/Apr/2023 22:52:34] "GET /_debug_toolbar/static/js/jquery.js HTTP/1.1" 304 -
127.0.0.1 - - [25/Apr/2023 22:52:34] "GET /_debug_toolbar/static/js/jquery.tablesorter.js HTTP/1.1" 304 -
127.0.0.1 - - [25/Apr/2023 22:52:34] "GET /_debug_toolbar/static/js/toolbar.js HTTP/1.1" 304 -
127.0.0.1 - - [25/Apr/2023 22:52:34] "GET /_debug_toolbar/static/css/toolbar.css?0.025186063274277304 HTTP/1.1" 200 -
127.0.0.1 - - [25/Apr/2023 22:52:34] "GET /_debug_toolbar/static/img/djdt_vertical.png HTTP/1.1" 304 -
2023-04-25 22:52:36,075 INFO sqlalchemy.engine.Engine BEGIN (implicit)
2023-04-25 22:52:36,075 INFO sqlalchemy.engine.Engine SELECT tweets.id AS tweets_id, tweets.text AS tweets_text, tweets.user_id AS tweets_user_id 
FROM tweets
2023-04-25 22:52:36,075 INFO sqlalchemy.engine.Engine [cached since 299.6s ago] {}
2023-04-25 22:52:36,077 INFO sqlalchemy.engine.Engine SELECT users.id AS users_id, users.username AS users_username, users.password AS users_password 
FROM users 
WHERE users.id = %(pk_1)s
2023-04-25 22:52:36,077 INFO sqlalchemy.engine.Engine [cached since 299.6s ago] {'pk_1': 3}
2023-04-25 22:52:36,086 INFO sqlalchemy.engine.Engine ROLLBACK
127.0.0.1 - - [25/Apr/2023 22:52:36] "POST /tweets HTTP/1.1" 200 -
127.0.0.1 - - [25/Apr/2023 22:52:36] "GET /_debug_toolbar/static/js/jquery.js HTTP/1.1" 304 -
127.0.0.1 - - [25/Apr/2023 22:52:36] "GET /_debug_toolbar/static/js/jquery.tablesorter.js HTTP/1.1" 304 -
127.0.0.1 - - [25/Apr/2023 22:52:36] "GET /_debug_toolbar/static/js/toolbar.js HTTP/1.1" 304 -
127.0.0.1 - - [25/Apr/2023 22:52:36] "GET /_debug_toolbar/static/css/toolbar.css?0.11465623061933328 HTTP/1.1" 200 -
127.0.0.1 - - [25/Apr/2023 22:52:36] "GET /_debug_toolbar/static/img/djdt_vertical.png HTTP/1.1" 304 -
127.0.0.1 - - [25/Apr/2023 22:52:38] "GET /logout HTTP/1.1" 302 -
127.0.0.1 - - [25/Apr/2023 22:52:38] "GET / HTTP/1.1" 200 -
127.0.0.1 - - [25/Apr/2023 22:52:38] "GET /_debug_toolbar/static/js/jquery.js HTTP/1.1" 304 -
127.0.0.1 - - [25/Apr/2023 22:52:38] "GET /_debug_toolbar/static/js/jquery.tablesorter.js HTTP/1.1" 304 -
127.0.0.1 - - [25/Apr/2023 22:52:38] "GET /_debug_toolbar/static/js/toolbar.js HTTP/1.1" 304 -
127.0.0.1 - - [25/Apr/2023 22:52:38] "GET /_debug_toolbar/static/css/toolbar.css?0.8648422060194441 HTTP/1.1" 200 -
127.0.0.1 - - [25/Apr/2023 22:52:38] "GET /_debug_toolbar/static/img/djdt_vertical.png HTTP/1.1" 304 -

